06:28:58.145 === 构造函数开始 ===
06:28:58.147 1. loadConfig 完成
06:28:58.147 buildUi: 设置窗口
06:28:58.148 buildUi: 左卡(食盆)完成
06:28:58.363 buildUi: 中卡(ADC)完成
06:28:58.364 buildUi: 右卡(手动喂食)完成
06:28:58.364 buildUi: 底部(定时/音乐)完成
06:28:58.365 buildUi: 信号连接完成
06:28:58.365 buildUi: 定时器完成, 即将调用 refreshBulb
06:28:58.366 buildUi: refreshBulb 完成(旧版此处必崩: m_bulb/m_brightLabel 为空指针)
06:28:58.366 2. buildUi 完成
06:28:58.367 3. applyStyle 完成
06:28:58.368 4. 开始写入初始日志
06:28:58.368 5. 初始日志完成
06:28:58.369 === 构造完成, 进入事件循环 ===
06:41:28.122 === 构造函数开始 ===
06:41:28.124 1. loadConfig 完成
06:41:28.124 buildUi: 设置窗口
06:41:28.125 buildUi: 左卡(食盆)完成
06:41:28.353 buildUi: 中卡(ADC)完成
06:41:28.353 buildUi: 右卡(手动喂食)完成
06:41:28.354 buildUi: 底部(定时/音乐)完成
06:41:28.355 buildUi: 信号连接完成
06:41:28.355 buildUi: 定时器完成, 即将调用 refreshBulb
06:41:28.355 buildUi: refreshBulb 完成(旧版此处必崩: m_bulb/m_brightLabel 为空指针)
06:41:28.356 2. buildUi 完成
06:41:28.356 3. applyStyle 已跳过(界面美化已禁用)
06:50:09.842 === 构造函数开始 ===
06:50:09.844 1. loadConfig 完成
06:50:09.844 buildUi: 设置窗口
06:50:09.844 buildUi: 左卡(食盆)完成
06:50:10.104 buildUi: 中卡(ADC)完成
06:50:10.105 buildUi: 右卡(手动喂食)完成
06:50:10.105 buildUi: 底部(定时/音乐)完成
06:50:10.106 buildUi: 信号连接完成
06:50:10.106 buildUi: 定时器完成, 即将调用 refreshBulb
06:50:10.107 buildUi: refreshBulb 完成(旧版此处必崩: m_bulb/m_brightLabel 为空指针)
06:50:10.107 2. buildUi 完成
06:52:12.183 === 构造函数开始 ===
06:52:12.185 1. loadConfig 完成
06:52:12.186 buildUi: 设置窗口
06:52:12.186 buildUi: 左卡(食盆)完成
06:52:12.388 buildUi: 中卡(ADC)完成
06:52:12.388 buildUi: 右卡(手动喂食)完成
06:52:12.389 buildUi: 底部(定时/音乐)完成
06:52:12.390 buildUi: 信号连接完成
06:52:12.390 buildUi: 定时器完成, 即将调用 refreshBulb
06:52:12.390 buildUi: refreshBulb 完成(旧版此处必崩: m_bulb/m_brightLabel 为空指针)
06:52:12.391 2. buildUi 完成
06:58:29.875 === 构造函数开始 ===
06:58:29.876 1. loadConfig 完成
06:58:29.877 buildUi: 设置窗口
06:58:29.877 buildUi: 左卡(食盆)完成
06:58:30.096 buildUi: 中卡(ADC)完成
06:58:30.097 buildUi: 右卡(手动喂食)完成
06:58:30.097 buildUi: 底部(定时/音乐)完成
06:58:30.098 buildUi: 信号连接完成
06:58:30.098 buildUi: 定时器完成, 即将调用 refreshBulb
06:58:30.098 buildUi: refreshBulb 完成(旧版此处必崩: m_bulb/m_brightLabel 为空指针)
06:58:30.099 2. buildUi 完成
07:08:08.524 === 构造函数开始 ===
07:08:08.526 1. loadConfig 完成
07:08:08.526 buildUi: 设置窗口
07:08:08.526 buildUi: 左卡(食盆)完成
07:08:08.749 buildUi: 中卡(ADC)完成
07:08:08.749 buildUi: 右卡(手动喂食)完成
07:08:08.750 buildUi: 底部(定时/音乐)完成
07:08:08.750 buildUi: 信号连接完成
07:08:08.751 buildUi: 定时器完成, 即将调用 refreshBulb
07:08:08.751 buildUi: refreshBulb 完成(旧版此处必崩: m_bulb/m_brightLabel 为空指针)
07:08:08.752 2. buildUi 完成
07:26:29.163 === 构造函数开始 ===
07:26:29.165 1. loadConfig 完成
07:26:29.166 buildUi: 设置窗口
07:26:29.166 buildUi: 左卡(食盆)完成
07:26:29.367 buildUi: 中卡(ADC)完成
07:26:29.367 buildUi: 右卡(手动喂食)完成
07:26:29.368 buildUi: 底部(定时/音乐)完成
07:26:29.368 buildUi: 信号连接完成
07:26:29.369 buildUi: 定时器完成, 即将调用 refreshBulb
07:26:29.369 buildUi: refreshBulb 完成(旧版此处必崩: m_bulb/m_brightLabel 为空指针)
07:26:29.369 2. buildUi 完成
07:51:37.081 === 构造函数开始 ===
07:51:37.083 1. loadConfig 完成
07:51:37.083 buildUi: 设置窗口
07:51:37.084 buildUi: 左卡(食盆)完成
07:51:37.284 buildUi: 中卡(ADC)完成
07:51:37.284 buildUi: 右卡(手动喂食)完成
07:51:37.285 buildUi: 底部(定时/音乐)完成
07:51:37.285 buildUi: 信号连接完成
07:51:37.286 buildUi: 定时器完成, 即将调用 refreshBulb
07:51:37.286 buildUi: refreshBulb 完成(旧版此处必崩: m_bulb/m_brightLabel 为空指针)
07:51:37.287 2. buildUi 完成
08:01:21.672 === 构造函数开始 ===
08:01:21.674 1. loadConfig 完成
08:01:21.674 buildUi: 设置窗口
08:01:21.675 buildUi: 左卡(食盆)完成
08:01:21.883 buildUi: 中卡(ADC)完成
08:01:21.884 buildUi: 右卡(手动喂食)完成
08:01:21.884 buildUi: 底部(定时/音乐)完成
08:01:21.885 buildUi: 信号连接完成
08:01:21.885 buildUi: 定时器完成, 即将调用 refreshBulb
08:01:21.886 buildUi: refreshBulb 完成(旧版此处必崩: m_bulb/m_brightLabel 为空指针)
08:01:21.886 2. buildUi 完成
08:02:34.628 === 构造函数开始 ===
08:02:34.630 1. loadConfig 完成
08:02:34.630 buildUi: 设置窗口
08:02:34.631 buildUi: 左卡(食盆)完成
08:02:34.837 buildUi: 中卡(ADC)完成
08:02:34.837 buildUi: 右卡(手动喂食)完成
08:02:34.838 buildUi: 底部(定时/音乐)完成
08:02:34.839 buildUi: 信号连接完成
08:02:34.839 buildUi: 定时器完成, 即将调用 refreshBulb
08:02:34.839 buildUi: refreshBulb 完成(旧版此处必崩: m_bulb/m_brightLabel 为空指针)
08:02:34.840 2. buildUi 完成
08:03:11.607 === 构造函数开始 ===
08:03:11.609 1. loadConfig 完成
08:03:11.609 buildUi: 设置窗口
08:03:11.610 buildUi: 左卡(食盆)完成
08:03:11.810 buildUi: 中卡(ADC)完成
08:03:11.810 buildUi: 右卡(手动喂食)完成
08:03:11.811 buildUi: 底部(定时/音乐)完成
08:03:11.811 buildUi: 信号连接完成
08:03:11.811 buildUi: 定时器完成, 即将调用 refreshBulb
08:03:11.812 buildUi: refreshBulb 完成(旧版此处必崩: m_bulb/m_brightLabel 为空指针)
08:03:11.812 2. buildUi 完成
